





Tags: sh





Tags: sh one





Tags: one





Tags:


