





Tags: sh





Tags: sh one











Tags:


