


























echo "some code"





echo "some more code"








echo "some even more code"





echo "is this enough code"





echo "maybe now"


